<html>
<body>
<pre>
<h1>µVision Build Log</h1>
<h2>Project:</h2>
C:\Users\Neel\Desktop\New folder\lab9-john-and-neel-John\Lab9.uvproj
Project File Date:  04/17/2017

<h2>Output:</h2>
Build target 'Lab9'
linking...
Program Size: Code=4880 RO-data=2292 RW-data=132 ZI-data=1188  
".\Lab9.axf" - 0 Error(s), 0 Warning(s).
r(s), 0 Warning(s).
 set but never used
        int delay;
ADC.c: 1 warning, 0 errors
compiling ST7735.c...
compiling UART.c...
compiling Lab9.c...
Lab9.c(106): warning:  #223-D: function "ST7735SetCursor" declared implicitly
                        ST7735SetCursor(0,0);
Lab9.c(113): warning:  #223-D: function "ST7735OutString" declared implicitly
                        ST7735OutString(array);
Lab9.c: 2 warnings, 0 errors
compiling FiFo.c...
linking...
.\Lab9.axf: Error: L6218E: Undefined symbol ST7735OutString (referred from lab9.o).
.\Lab9.axf: Error: L6218E: Undefined symbol ST7735SetCursor (referred from lab9.o).
Not enough information to list image symbols.
Finished: 1 information, 0 warning and 2 error messages.
".\Lab9.axf" - 2 Error(s), 3 Warning(s).
Target not created
