<html>
<body>
<pre>
<h1>µVision Build Log</h1>
<h2>Project:</h2>
C:\Users\Neel\Desktop\lab7-john-and-neel-master\Lab7.uvproj
Project File Date:  03/22/2017

<h2>Output:</h2>
Build target 'Lab7'
assembling Print.s...
linking...
Program Size: Code=3352 RO-data=14984 RW-data=44 ZI-data=1028  
".\Lab7.axf" - 0 Error(s), 0 Warning(s).
 to preserve 8-byte aligment of 8-byte data objects)' function to 'REQ8 (Code was permitted to depend on the 8-byte aligment of 8-byte data items)' function ST7735_OutChar.
.\Lab7.axf: Error: L6238E: print.o(.text) contains invalid call from '~PRES8 (The user did not require code to preserve 8-byte aligment of 8-byte data objects)' function to 'REQ8 (Code was permitted to depend on the 8-byte aligment of 8-byte data items)' function ST7735_OutChar.
.\Lab7.axf: Error: L6238E: print.o(.text) contains invalid call from '~PRES8 (The user did not require code to preserve 8-byte aligment of 8-byte data objects)' function to 'REQ8 (Code was permitted to depend on the 8-byte aligment of 8-byte data items)' function ST7735_OutChar.
Finished: 0 information, 0 warning and 3 error messages.
".\Lab7.axf" - 3 Error(s), 0 Warning(s).
Target not created
